// Jest Snapshot v1, https://goo.gl/fbAQLP

exports[`Pruebas First App 3 Should make a match wiht the snapshot 1`] = `
<div>
  <h1>
    CounterApp
  </h1>
  <h2>
     
     
  </h2>
  <button>
     +1 
  </button>
  <button>
     -1 
  </button>
  <button
    aria-label="btn-reset"
  >
     Reset 
  </button>
</div>
`;
